reps-sim-10.sh: line 19: module: command not found

 Solution found!  Final fit=547.04466 (started at 547.04466)  (1 attempt(s): 1 valid, 0 errors)


 Solution found!  Final fit=520.0422 (started at 520.0422)  (1 attempt(s): 1 valid, 0 errors)


 Solution found!  Final fit=494.42407 (started at 494.42407)  (1 attempt(s): 1 valid, 0 errors)


 Solution found!  Final fit=521.12026 (started at 521.12026)  (1 attempt(s): 1 valid, 0 errors)


 Solution found!  Final fit=538.83688 (started at 538.83688)  (1 attempt(s): 1 valid, 0 errors)


 Solution found!  Final fit=501.8273 (started at 501.8273)  (1 attempt(s): 1 valid, 0 errors)


 Solution found!  Final fit=545.19918 (started at 545.19918)  (1 attempt(s): 1 valid, 0 errors)


 Solution found!  Final fit=484.85167 (started at 484.85167)  (1 attempt(s): 1 valid, 0 errors)


 Solution found!  Final fit=526.00746 (started at 526.00746)  (1 attempt(s): 1 valid, 0 errors)


 All fit attempts resulted in errors - check starting values or model specification


 Solution found!  Final fit=594.5959 (started at 594.5959)  (1 attempt(s): 1 valid, 0 errors)


 Solution found!  Final fit=527.83823 (started at 527.83823)  (1 attempt(s): 1 valid, 0 errors)


 Solution found!  Final fit=573.5225 (started at 573.5225)  (1 attempt(s): 1 valid, 0 errors)


 Solution found!  Final fit=570.50061 (started at 570.50061)  (1 attempt(s): 1 valid, 0 errors)


 Solution found!  Final fit=520.52082 (started at 520.52082)  (1 attempt(s): 1 valid, 0 errors)


 Solution found!  Final fit=569.40893 (started at 569.40893)  (1 attempt(s): 1 valid, 0 errors)


 Solution found!  Final fit=536.64596 (started at 536.64596)  (1 attempt(s): 1 valid, 0 errors)


 Solution found!  Final fit=538.5184 (started at 584.19153)  (1 attempt(s): 1 valid, 0 errors)


 Solution found!  Final fit=538.49984 (started at 595.56142)  (1 attempt(s): 1 valid, 0 errors)


 Solution found!  Final fit=514.14226 (started at 588.07465)  (1 attempt(s): 1 valid, 0 errors)


 Solution found!  Final fit=523.67198 (started at 584.05436)  (1 attempt(s): 1 valid, 0 errors)


 Solution found!  Final fit=457.57237 (started at 547.47025)  (2 attempt(s): 2 valid, 0 errors)


 Solution found!  Final fit=476.70654 (started at 551.26717)  (1 attempt(s): 1 valid, 0 errors)


 Solution found!  Final fit=536.88915 (started at 584.91889)  (1 attempt(s): 1 valid, 0 errors)


 Solution found!  Final fit=539.46981 (started at 583.78746)  (1 attempt(s): 1 valid, 0 errors)


 Solution found!  Final fit=540.13613 (started at 596.65316)  (1 attempt(s): 1 valid, 0 errors)


 Solution found!  Final fit=505.09739 (started at 560.92213)  (1 attempt(s): 1 valid, 0 errors)


 Solution found!  Final fit=528.59627 (started at 577.11009)  (1 attempt(s): 1 valid, 0 errors)


 Solution found!  Final fit=533.19 (started at 580.49663)  (1 attempt(s): 1 valid, 0 errors)


 Solution found!  Final fit=524.16437 (started at 591.23666)  (1 attempt(s): 1 valid, 0 errors)


 Solution found!  Final fit=521.80658 (started at 572.99871)  (1 attempt(s): 1 valid, 0 errors)


 Solution found!  Final fit=506.17692 (started at 574.3401)  (1 attempt(s): 1 valid, 0 errors)


 Solution found!  Final fit=512.48334 (started at 568.21856)  (1 attempt(s): 1 valid, 0 errors)


 Solution found!  Final fit=517.72022 (started at 584.77087)  (1 attempt(s): 1 valid, 0 errors)


 Solution found!  Final fit=482.16961 (started at 558.86474)  (1 attempt(s): 1 valid, 0 errors)


 Solution found!  Final fit=489.32282 (started at 560.15861)  (1 attempt(s): 1 valid, 0 errors)


 Solution found!  Final fit=515.83656 (started at 578.18457)  (1 attempt(s): 1 valid, 0 errors)


 Solution found!  Final fit=487.41583 (started at 559.47483)  (3 attempt(s): 3 valid, 0 errors)


 Solution found!  Final fit=515.82182 (started at 582.71697)  (1 attempt(s): 1 valid, 0 errors)


 Solution found!  Final fit=524.3655 (started at 586.48462)  (2 attempt(s): 2 valid, 0 errors)


 Solution found!  Final fit=553.73191 (started at 599.39005)  (1 attempt(s): 1 valid, 0 errors)


 Solution found!  Final fit=504.35801 (started at 572.74179)  (1 attempt(s): 1 valid, 0 errors)


 Solution found!  Final fit=513.62641 (started at 570.92516)  (1 attempt(s): 1 valid, 0 errors)


 Solution found!  Final fit=546.41545 (started at 592.62472)  (1 attempt(s): 1 valid, 0 errors)


 Solution found!  Final fit=524.39994 (started at 578.49342)  (1 attempt(s): 1 valid, 0 errors)


 Solution found!  Final fit=561.87351 (started at 603.8395)  (1 attempt(s): 1 valid, 0 errors)


 Solution found!  Final fit=511.93961 (started at 581.28857)  (1 attempt(s): 1 valid, 0 errors)


 Solution found!  Final fit=515.23307 (started at 584.57608)  (1 attempt(s): 1 valid, 0 errors)


 Solution found!  Final fit=511.19244 (started at 573.22701)  (1 attempt(s): 1 valid, 0 errors)


 Solution found!  Final fit=515.44203 (started at 576.59009)  (1 attempt(s): 1 valid, 0 errors)


 Solution found!  Final fit=516.94485 (started at 573.10362)  (1 attempt(s): 1 valid, 0 errors)


 Solution found!  Final fit=520.44856 (started at 574.14811)  (1 attempt(s): 1 valid, 0 errors)


 Solution found!  Final fit=522.51862 (started at 581.23572)  (1 attempt(s): 1 valid, 0 errors)


 Solution found!  Final fit=512.65278 (started at 583.62604)  (1 attempt(s): 1 valid, 0 errors)


 Solution found!  Final fit=525.72 (started at 584.84965)  (1 attempt(s): 1 valid, 0 errors)


 Solution found!  Final fit=541.95522 (started at 595.29549)  (1 attempt(s): 1 valid, 0 errors)


 Solution found!  Final fit=520.29649 (started at 570.80992)  (1 attempt(s): 1 valid, 0 errors)


 Solution found!  Final fit=533.24341 (started at 578.38466)  (1 attempt(s): 1 valid, 0 errors)


 Solution found!  Final fit=494.60014 (started at 566.89765)  (1 attempt(s): 1 valid, 0 errors)


 Solution found!  Final fit=521.02286 (started at 574.26937)  (2 attempt(s): 2 valid, 0 errors)


 Solution found!  Final fit=526.86126 (started at 579.8211)  (1 attempt(s): 1 valid, 0 errors)


 Solution found!  Final fit=527.39149 (started at 590.88224)  (3 attempt(s): 3 valid, 0 errors)


 Solution found!  Final fit=526.36536 (started at 578.53357)  (1 attempt(s): 1 valid, 0 errors)


 Solution found!  Final fit=517.87923 (started at 576.81067)  (1 attempt(s): 1 valid, 0 errors)


 Solution found!  Final fit=544.88874 (started at 595.6649)  (1 attempt(s): 1 valid, 0 errors)


 Solution found!  Final fit=528.83618 (started at 587.92594)  (1 attempt(s): 1 valid, 0 errors)


 Solution found!  Final fit=527.28234 (started at 573.23539)  (1 attempt(s): 1 valid, 0 errors)


 Solution found!  Final fit=541.65792 (started at 595.09693)  (1 attempt(s): 1 valid, 0 errors)


 Solution found!  Final fit=540.53976 (started at 585.65105)  (1 attempt(s): 1 valid, 0 errors)


 Solution found!  Final fit=505.33951 (started at 573.36476)  (1 attempt(s): 1 valid, 0 errors)


 Solution found!  Final fit=533.03745 (started at 579.52573)  (3 attempt(s): 3 valid, 0 errors)


 Solution found!  Final fit=521.52814 (started at 585.61956)  (2 attempt(s): 2 valid, 0 errors)


 Solution found!  Final fit=559.8251 (started at 605.88575)  (1 attempt(s): 1 valid, 0 errors)


 Solution found!  Final fit=498.09986 (started at 560.35569)  (1 attempt(s): 1 valid, 0 errors)


 Solution found!  Final fit=479.64287 (started at 560.84896)  (1 attempt(s): 1 valid, 0 errors)


 Solution found!  Final fit=551.51256 (started at 595.76865)  (1 attempt(s): 1 valid, 0 errors)


 Solution found!  Final fit=503.2813 (started at 566.98926)  (4 attempt(s): 4 valid, 0 errors)


 Solution found!  Final fit=519.80669 (started at 587.16359)  (1 attempt(s): 1 valid, 0 errors)


 Solution found!  Final fit=556.62094 (started at 607.13205)  (1 attempt(s): 1 valid, 0 errors)


 Solution found!  Final fit=515.45718 (started at 571.83123)  (1 attempt(s): 1 valid, 0 errors)


 Solution found!  Final fit=547.37454 (started at 598.38054)  (1 attempt(s): 1 valid, 0 errors)


 Solution found!  Final fit=505.10967 (started at 575.26047)  (1 attempt(s): 1 valid, 0 errors)


 Solution found!  Final fit=561.72281 (started at 601.44936)  (1 attempt(s): 1 valid, 0 errors)


 Solution found!  Final fit=557.52153 (started at 590.9114)  (1 attempt(s): 1 valid, 0 errors)


 Solution found!  Final fit=487.35146 (started at 553.55066)  (4 attempt(s): 4 valid, 0 errors)


 Solution found!  Final fit=523.45663 (started at 583.36792)  (1 attempt(s): 1 valid, 0 errors)


 Solution found!  Final fit=518.52458 (started at 575.59324)  (1 attempt(s): 1 valid, 0 errors)


 Solution found!  Final fit=504.2336 (started at 565.23573)  (1 attempt(s): 1 valid, 0 errors)


 Solution found!  Final fit=521.66528 (started at 579.4884)  (1 attempt(s): 1 valid, 0 errors)


 Solution found!  Final fit=570.28749 (started at 610.28732)  (1 attempt(s): 1 valid, 0 errors)


 Solution found!  Final fit=482.96857 (started at 559.5965)  (2 attempt(s): 2 valid, 0 errors)


 Solution found!  Final fit=536.94874 (started at 587.11777)  (1 attempt(s): 1 valid, 0 errors)


 Solution found!  Final fit=515.70519 (started at 572.99783)  (1 attempt(s): 1 valid, 0 errors)


 Solution found!  Final fit=523.50888 (started at 580.72525)  (1 attempt(s): 1 valid, 0 errors)


 Solution found!  Final fit=518.62943 (started at 581.12427)  (3 attempt(s): 3 valid, 0 errors)


 Solution found!  Final fit=518.64687 (started at 582.87091)  (1 attempt(s): 1 valid, 0 errors)


 Solution found!  Final fit=533.17059 (started at 582.20688)  (1 attempt(s): 1 valid, 0 errors)


 Solution found!  Final fit=506.23797 (started at 574.34079)  (1 attempt(s): 1 valid, 0 errors)


 Solution found!  Final fit=564.66589 (started at 610.84513)  (1 attempt(s): 1 valid, 0 errors)


 Solution found!  Final fit=499.89687 (started at 568.85698)  (2 attempt(s): 2 valid, 0 errors)


 Solution found!  Final fit=496.17132 (started at 562.79757)  (1 attempt(s): 1 valid, 0 errors)


 Solution found!  Final fit=555.3548 (started at 597.19127)  (1 attempt(s): 1 valid, 0 errors)


 Solution found!  Final fit=533.50651 (started at 587.24031)  (1 attempt(s): 1 valid, 0 errors)


 Solution found!  Final fit=534.6217 (started at 593.6148)  (2 attempt(s): 2 valid, 0 errors)


 Solution found!  Final fit=527.46207 (started at 589.1482)  (1 attempt(s): 1 valid, 0 errors)


 Solution found!  Final fit=531.48118 (started at 582.88288)  (1 attempt(s): 1 valid, 0 errors)


 Solution found!  Final fit=494.75403 (started at 563.70928)  (1 attempt(s): 1 valid, 0 errors)


 Solution found!  Final fit=448.23819 (started at 547.73071)  (2 attempt(s): 2 valid, 0 errors)


 Solution found!  Final fit=522.79852 (started at 587.03478)  (1 attempt(s): 1 valid, 0 errors)


 Solution found!  Final fit=521.47039 (started at 581.00775)  (1 attempt(s): 1 valid, 0 errors)


 Solution found!  Final fit=514.1595 (started at 580.32452)  (3 attempt(s): 3 valid, 0 errors)


 Solution found!  Final fit=545.91545 (started at 590.50614)  (1 attempt(s): 1 valid, 0 errors)


 Solution found!  Final fit=516.75859 (started at 576.18018)  (1 attempt(s): 1 valid, 0 errors)


 Solution found!  Final fit=538.84185 (started at 593.32944)  (1 attempt(s): 1 valid, 0 errors)


 Solution found!  Final fit=539.02096 (started at 586.51012)  (1 attempt(s): 1 valid, 0 errors)


 Solution found!  Final fit=502.00652 (started at 561.71576)  (1 attempt(s): 1 valid, 0 errors)


 Solution found!  Final fit=510.27747 (started at 567.34917)  (1 attempt(s): 1 valid, 0 errors)


 Solution found!  Final fit=492.67258 (started at 570.60361)  (4 attempt(s): 4 valid, 0 errors)


 Solution found!  Final fit=497.68101 (started at 560.97971)  (1 attempt(s): 1 valid, 0 errors)


 Solution found!  Final fit=535.00546 (started at 583.1421)  (1 attempt(s): 1 valid, 0 errors)


 Solution found!  Final fit=529.53162 (started at 584.45056)  (1 attempt(s): 1 valid, 0 errors)


 Solution found!  Final fit=546.03157 (started at 588.7324)  (1 attempt(s): 1 valid, 0 errors)


 Solution found!  Final fit=499.85555 (started at 568.36813)  (1 attempt(s): 1 valid, 0 errors)


 Solution found!  Final fit=487.10443 (started at 565.44346)  (1 attempt(s): 1 valid, 0 errors)


 Solution found!  Final fit=539.4186 (started at 588.17337)  (1 attempt(s): 1 valid, 0 errors)


 Solution found!  Final fit=482.49312 (started at 562.1917)  (4 attempt(s): 4 valid, 0 errors)


 Solution found!  Final fit=491.9047 (started at 562.30613)  (1 attempt(s): 1 valid, 0 errors)


 Solution found!  Final fit=547.99429 (started at 597.26764)  (1 attempt(s): 1 valid, 0 errors)


 Solution found!  Final fit=523.10298 (started at 569.7188)  (1 attempt(s): 1 valid, 0 errors)


 Solution found!  Final fit=553.80616 (started at 597.86576)  (2 attempt(s): 2 valid, 0 errors)


 Solution found!  Final fit=503.97392 (started at 566.73007)  (1 attempt(s): 1 valid, 0 errors)


 Solution found!  Final fit=561.28627 (started at 600.19453)  (1 attempt(s): 1 valid, 0 errors)


 Solution found!  Final fit=510.40576 (started at 572.2654)  (1 attempt(s): 1 valid, 0 errors)


 Solution found!  Final fit=552.64694 (started at 598.44397)  (1 attempt(s): 1 valid, 0 errors)


 Solution found!  Final fit=540.97516 (started at 587.22023)  (1 attempt(s): 1 valid, 0 errors)


 Solution found!  Final fit=507.07541 (started at 570.93282)  (1 attempt(s): 1 valid, 0 errors)


 Solution found!  Final fit=532.24483 (started at 591.46489)  (1 attempt(s): 1 valid, 0 errors)


 Solution found!  Final fit=520.67918 (started at 580.62743)  (1 attempt(s): 1 valid, 0 errors)


 Solution found!  Final fit=526.63886 (started at 584.73682)  (1 attempt(s): 1 valid, 0 errors)


 Solution found!  Final fit=554.84753 (started at 599.25837)  (1 attempt(s): 1 valid, 0 errors)


 Solution found!  Final fit=555.07082 (started at 602.6307)  (1 attempt(s): 1 valid, 0 errors)


 Solution found!  Final fit=490.22374 (started at 563.48644)  (2 attempt(s): 2 valid, 0 errors)


 Solution found!  Final fit=505.17688 (started at 575.28531)  (1 attempt(s): 1 valid, 0 errors)


 Solution found!  Final fit=504.26274 (started at 571.22322)  (2 attempt(s): 2 valid, 0 errors)


 Solution found!  Final fit=475.73811 (started at 563.96769)  (1 attempt(s): 1 valid, 0 errors)


 Solution found!  Final fit=525.46713 (started at 578.81407)  (1 attempt(s): 1 valid, 0 errors)


 Solution found!  Final fit=521.83167 (started at 584.28863)  (1 attempt(s): 1 valid, 0 errors)


 Solution found!  Final fit=527.23575 (started at 593.25333)  (3 attempt(s): 3 valid, 0 errors)


 Solution found!  Final fit=535.27913 (started at 580.62032)  (1 attempt(s): 1 valid, 0 errors)


 Solution found!  Final fit=517.12749 (started at 576.71135)  (1 attempt(s): 1 valid, 0 errors)


 Solution found!  Final fit=556.7625 (started at 599.38113)  (1 attempt(s): 1 valid, 0 errors)


 Solution found!  Final fit=514.68031 (started at 571.17881)  (1 attempt(s): 1 valid, 0 errors)


 Solution found!  Final fit=538.86181 (started at 589.01445)  (1 attempt(s): 1 valid, 0 errors)


 Solution found!  Final fit=506.08412 (started at 576.95075)  (3 attempt(s): 3 valid, 0 errors)


 Solution found!  Final fit=545.85772 (started at 601.96229)  (1 attempt(s): 1 valid, 0 errors)


 Solution found!  Final fit=538.77366 (started at 590.9276)  (1 attempt(s): 1 valid, 0 errors)


 Solution found!  Final fit=554.43068 (started at 596.55954)  (1 attempt(s): 1 valid, 0 errors)


 Solution found!  Final fit=496.65947 (started at 572.78418)  (1 attempt(s): 1 valid, 0 errors)


 Solution found!  Final fit=525.63303 (started at 588.35661)  (1 attempt(s): 1 valid, 0 errors)


 Solution found!  Final fit=505.01697 (started at 566.38993)  (1 attempt(s): 1 valid, 0 errors)


 Solution found!  Final fit=480.02 (started at 556.21659)  (1 attempt(s): 1 valid, 0 errors)


 Solution found!  Final fit=560.95627 (started at 608.76821)  (1 attempt(s): 1 valid, 0 errors)


 Solution found!  Final fit=513.29469 (started at 567.24916)  (1 attempt(s): 1 valid, 0 errors)


 Solution found!  Final fit=532.19043 (started at 583.23682)  (1 attempt(s): 1 valid, 0 errors)


 Solution found!  Final fit=553.40663 (started at 592.55626)  (1 attempt(s): 1 valid, 0 errors)


 Solution found!  Final fit=524.9244 (started at 583.30222)  (1 attempt(s): 1 valid, 0 errors)


 Solution found!  Final fit=521.01581 (started at 587.92331)  (1 attempt(s): 1 valid, 0 errors)


 Solution found!  Final fit=515.36249 (started at 580.17948)  (1 attempt(s): 1 valid, 0 errors)


 Solution found!  Final fit=506.11281 (started at 569.25286)  (2 attempt(s): 2 valid, 0 errors)


 Solution found!  Final fit=523.11423 (started at 586.10666)  (1 attempt(s): 1 valid, 0 errors)


 Solution found!  Final fit=517.0884 (started at 572.51881)  (1 attempt(s): 1 valid, 0 errors)


 Solution found!  Final fit=504.05684 (started at 572.66289)  (1 attempt(s): 1 valid, 0 errors)


 Solution found!  Final fit=568.21654 (started at 609.54279)  (1 attempt(s): 1 valid, 0 errors)


 Solution found!  Final fit=574.41618 (started at 605.15636)  (1 attempt(s): 1 valid, 0 errors)


 Solution found!  Final fit=547.74319 (started at 583.60774)  (1 attempt(s): 1 valid, 0 errors)


 Solution found!  Final fit=508.97957 (started at 573.92493)  (3 attempt(s): 3 valid, 0 errors)


 Solution found!  Final fit=490.06782 (started at 564.67728)  (1 attempt(s): 1 valid, 0 errors)


 Solution found!  Final fit=541.00816 (started at 587.66513)  (1 attempt(s): 1 valid, 0 errors)


 Solution found!  Final fit=541.71386 (started at 595.86026)  (1 attempt(s): 1 valid, 0 errors)


 Solution found!  Final fit=565.76654 (started at 619.18687)  (1 attempt(s): 1 valid, 0 errors)


 Solution found!  Final fit=527.0253 (started at 581.1009)  (1 attempt(s): 1 valid, 0 errors)


 Solution found!  Final fit=510.59357 (started at 574.51308)  (1 attempt(s): 1 valid, 0 errors)


 Solution found!  Final fit=533.15504 (started at 590.46463)  (1 attempt(s): 1 valid, 0 errors)


 Solution found!  Final fit=538.23856 (started at 591.76096)  (1 attempt(s): 1 valid, 0 errors)


 Solution found!  Final fit=492.73278 (started at 570.19626)  (1 attempt(s): 1 valid, 0 errors)


 Solution found!  Final fit=537.1481 (started at 596.84675)  (2 attempt(s): 2 valid, 0 errors)


 Solution found!  Final fit=525.53581 (started at 586.71251)  (2 attempt(s): 2 valid, 0 errors)


 Solution found!  Final fit=526.05985 (started at 579.10922)  (1 attempt(s): 1 valid, 0 errors)


 Solution found!  Final fit=549.65438 (started at 588.41399)  (1 attempt(s): 1 valid, 0 errors)


 Solution found!  Final fit=504.18847 (started at 566.3042)  (2 attempt(s): 2 valid, 0 errors)


 Solution found!  Final fit=539.42583 (started at 583.86661)  (1 attempt(s): 1 valid, 0 errors)


 Solution found!  Final fit=506.36562 (started at 574.49958)  (2 attempt(s): 2 valid, 0 errors)


 Solution found!  Final fit=517.98191 (started at 580.37568)  (1 attempt(s): 1 valid, 0 errors)


 Solution found!  Final fit=541.59107 (started at 582.45023)  (1 attempt(s): 1 valid, 0 errors)


 Solution found!  Final fit=552.46055 (started at 586.97974)  (1 attempt(s): 1 valid, 0 errors)


 Solution found!  Final fit=551.58291 (started at 599.60499)  (1 attempt(s): 1 valid, 0 errors)


 Solution found!  Final fit=531.99417 (started at 581.05836)  (1 attempt(s): 1 valid, 0 errors)


 Solution found!  Final fit=505.3807 (started at 565.42885)  (1 attempt(s): 1 valid, 0 errors)


 Solution found!  Final fit=526.42124 (started at 584.37529)  (1 attempt(s): 1 valid, 0 errors)


 Solution found!  Final fit=523.3423 (started at 582.66405)  (2 attempt(s): 2 valid, 0 errors)


 Solution found!  Final fit=482.54016 (started at 482.54108)  (101 attempt(s): 91 valid, 10 errors)


 Solution found!  Final fit=482.54016 (started at 482.54016)  (1 attempt(s): 1 valid, 0 errors)

Warning while fitting model: In model 'DTVAR_ID10' Optimizer returned a non-zero status code 5. The Hessian at the solution does not appear to be convex. See ?mxCheckIdentification for possible diagnosis (Mx status RED).
Check /scratch/ibp5092/manMetaVAR/FitDTVAR_1dgfOdpXHJAJWtb9Chch/FitDTVAR_DTVAR_ID10.Rds

 Solution found!  Final fit=489.32282 (started at 489.32282)  (101 attempt(s): 88 valid, 13 errors)


 Solution found!  Final fit=489.32282 (started at 489.32282)  (1 attempt(s): 1 valid, 0 errors)

Warning while fitting model: In model 'DTVAR_ID36' Optimizer returned a non-zero status code 5. The Hessian at the solution does not appear to be convex. See ?mxCheckIdentification for possible diagnosis (Mx status RED).
Check /scratch/ibp5092/manMetaVAR/FitDTVAR_1dgfOdpXHJAJWtb9Chch/FitDTVAR_DTVAR_ID36.Rds

 Solution found!  Final fit=503.2813 (started at 503.2813)  (101 attempt(s): 91 valid, 10 errors)


 Solution found!  Final fit=503.2813 (started at 503.2813)  (1 attempt(s): 1 valid, 0 errors)

Warning while fitting model: In model 'DTVAR_ID77' Optimizer returned a non-zero status code 5. The Hessian at the solution does not appear to be convex. See ?mxCheckIdentification for possible diagnosis (Mx status RED).
Check /scratch/ibp5092/manMetaVAR/FitDTVAR_1dgfOdpXHJAJWtb9Chch/FitDTVAR_DTVAR_ID77.Rds

 Solution found!  Final fit=487.35146 (started at 487.35146)  (101 attempt(s): 91 valid, 10 errors)


 Solution found!  Final fit=487.35146 (started at 487.35146)  (1 attempt(s): 1 valid, 0 errors)

Warning while fitting model: In model 'DTVAR_ID85' Optimizer returned a non-zero status code 5. The Hessian at the solution does not appear to be convex. See ?mxCheckIdentification for possible diagnosis (Mx status RED).
Check /scratch/ibp5092/manMetaVAR/FitDTVAR_1dgfOdpXHJAJWtb9Chch/FitDTVAR_DTVAR_ID85.Rds
error: SimFitDTVAR
Here's the original error message:
dims [product 0] do not match the length of object [1]
error: SimFitMetaVAR
Here's the original warning message:
cannot open compressed file '/scratch/ibp5092/manMetaVAR/.sim/manMetaVAR/manMetaVAR-00021/manMetaVAR-fit-dt-var-mx-00021-00695.Rds', probable reason 'No such file or directory'
error: SimFitMLVAR
Here's the original error message:
error writing to connection
Error in tempfile() using template /scratch/ibp5092/manMetaVAR/.sim/tmp/2025-10-27-13-06-39-152745841-sim-10-4XgDTkkg/parXXXXX.par: Could not create temp file /scratch/ibp5092/manMetaVAR/.sim/tmp/2025-10-27-13-06-39-152745841-sim-10-4XgDTkkg/parBaiwL.par: No space left on device at /usr/bin/parallel line 6564.
Warning: unable to close filehandle properly: No space left on device during global destruction.
